Archive member included to satisfy reference by file (symbol)

e:/cube/stm32cubeide_1.7.0/stm32cubeide/plugins/com.st.stm32cube.ide.mcu.externaltools.gnu-tools-for-stm32.9-2020-q2-update.win32_2.0.0.202105311346/tools/bin/../lib/gcc/arm-none-eabi/9.3.1/../../../../arm-none-eabi/lib/thumb/v7-m/nofp\libc_nano.a(lib_a-errno.o)
                              ./Core/Src/syscalls.o (__errno)
e:/cube/stm32cubeide_1.7.0/stm32cubeide/plugins/com.st.stm32cube.ide.mcu.externaltools.gnu-tools-for-stm32.9-2020-q2-update.win32_2.0.0.202105311346/tools/bin/../lib/gcc/arm-none-eabi/9.3.1/../../../../arm-none-eabi/lib/thumb/v7-m/nofp\libc_nano.a(lib_a-exit.o)
                              e:/cube/stm32cubeide_1.7.0/stm32cubeide/plugins/com.st.stm32cube.ide.mcu.externaltools.gnu-tools-for-stm32.9-2020-q2-update.win32_2.0.0.202105311346/tools/bin/../lib/gcc/arm-none-eabi/9.3.1/../../../../arm-none-eabi/lib/thumb/v7-m/nofp/crt0.o (exit)
e:/cube/stm32cubeide_1.7.0/stm32cubeide/plugins/com.st.stm32cube.ide.mcu.externaltools.gnu-tools-for-stm32.9-2020-q2-update.win32_2.0.0.202105311346/tools/bin/../lib/gcc/arm-none-eabi/9.3.1/../../../../arm-none-eabi/lib/thumb/v7-m/nofp\libc_nano.a(lib_a-impure.o)
                              e:/cube/stm32cubeide_1.7.0/stm32cubeide/plugins/com.st.stm32cube.ide.mcu.externaltools.gnu-tools-for-stm32.9-2020-q2-update.win32_2.0.0.202105311346/tools/bin/../lib/gcc/arm-none-eabi/9.3.1/../../../../arm-none-eabi/lib/thumb/v7-m/nofp\libc_nano.a(lib_a-exit.o) (_global_impure_ptr)
e:/cube/stm32cubeide_1.7.0/stm32cubeide/plugins/com.st.stm32cube.ide.mcu.externaltools.gnu-tools-for-stm32.9-2020-q2-update.win32_2.0.0.202105311346/tools/bin/../lib/gcc/arm-none-eabi/9.3.1/../../../../arm-none-eabi/lib/thumb/v7-m/nofp\libc_nano.a(lib_a-init.o)
                              e:/cube/stm32cubeide_1.7.0/stm32cubeide/plugins/com.st.stm32cube.ide.mcu.externaltools.gnu-tools-for-stm32.9-2020-q2-update.win32_2.0.0.202105311346/tools/bin/../lib/gcc/arm-none-eabi/9.3.1/../../../../arm-none-eabi/lib/thumb/v7-m/nofp/crt0.o (__libc_init_array)
e:/cube/stm32cubeide_1.7.0/stm32cubeide/plugins/com.st.stm32cube.ide.mcu.externaltools.gnu-tools-for-stm32.9-2020-q2-update.win32_2.0.0.202105311346/tools/bin/../lib/gcc/arm-none-eabi/9.3.1/../../../../arm-none-eabi/lib/thumb/v7-m/nofp\libc_nano.a(lib_a-memset.o)
                              e:/cube/stm32cubeide_1.7.0/stm32cubeide/plugins/com.st.stm32cube.ide.mcu.externaltools.gnu-tools-for-stm32.9-2020-q2-update.win32_2.0.0.202105311346/tools/bin/../lib/gcc/arm-none-eabi/9.3.1/../../../../arm-none-eabi/lib/thumb/v7-m/nofp/crt0.o (memset)

Allocating common symbols
Common symbol       size              file

uwTick              0x4               ./Drivers/STM32F1xx_HAL_Driver/Src/stm32f1xx_hal.o
pFlash              0x20              ./Drivers/STM32F1xx_HAL_Driver/Src/stm32f1xx_hal_flash.o
htim5               0x48              ./Core/Src/tim.o

Discarded input sections

 .text          0x0000000000000000        0x0 e:/cube/stm32cubeide_1.7.0/stm32cubeide/plugins/com.st.stm32cube.ide.mcu.externaltools.gnu-tools-for-stm32.9-2020-q2-update.win32_2.0.0.202105311346/tools/bin/../lib/gcc/arm-none-eabi/9.3.1/thumb/v7-m/nofp/crti.o
 .data          0x0000000000000000        0x0 e:/cube/stm32cubeide_1.7.0/stm32cubeide/plugins/com.st.stm32cube.ide.mcu.externaltools.gnu-tools-for-stm32.9-2020-q2-update.win32_2.0.0.202105311346/tools/bin/../lib/gcc/arm-none-eabi/9.3.1/thumb/v7-m/nofp/crti.o
 .bss           0x0000000000000000        0x0 e:/cube/stm32cubeide_1.7.0/stm32cubeide/plugins/com.st.stm32cube.ide.mcu.externaltools.gnu-tools-for-stm32.9-2020-q2-update.win32_2.0.0.202105311346/tools/bin/../lib/gcc/arm-none-eabi/9.3.1/thumb/v7-m/nofp/crti.o
 .data          0x0000000000000000        0x4 e:/cube/stm32cubeide_1.7.0/stm32cubeide/plugins/com.st.stm32cube.ide.mcu.externaltools.gnu-tools-for-stm32.9-2020-q2-update.win32_2.0.0.202105311346/tools/bin/../lib/gcc/arm-none-eabi/9.3.1/thumb/v7-m/nofp/crtbegin.o
 .text          0x0000000000000000       0x7c e:/cube/stm32cubeide_1.7.0/stm32cubeide/plugins/com.st.stm32cube.ide.mcu.externaltools.gnu-tools-for-stm32.9-2020-q2-update.win32_2.0.0.202105311346/tools/bin/../lib/gcc/arm-none-eabi/9.3.1/../../../../arm-none-eabi/lib/thumb/v7-m/nofp/crt0.o
 .data          0x0000000000000000        0x0 e:/cube/stm32cubeide_1.7.0/stm32cubeide/plugins/com.st.stm32cube.ide.mcu.externaltools.gnu-tools-for-stm32.9-2020-q2-update.win32_2.0.0.202105311346/tools/bin/../lib/gcc/arm-none-eabi/9.3.1/../../../../arm-none-eabi/lib/thumb/v7-m/nofp/crt0.o
 .bss           0x0000000000000000        0x0 e:/cube/stm32cubeide_1.7.0/stm32cubeide/plugins/com.st.stm32cube.ide.mcu.externaltools.gnu-tools-for-stm32.9-2020-q2-update.win32_2.0.0.202105311346/tools/bin/../lib/gcc/arm-none-eabi/9.3.1/../../../../arm-none-eabi/lib/thumb/v7-m/nofp/crt0.o
[...]
Memory Configuration

Name             Origin             Length             Attributes
RAM              0x0000000020000000 0x000000000000c000 xrw
FLASH            0x0000000008000000 0x0000000000040000 xr
*default*        0x0000000000000000 0xffffffffffffffff

Linker script and memory map

LOAD e:/cube/stm32cubeide_1.7.0/stm32cubeide/plugins/com.st.stm32cube.ide.mcu.externaltools.gnu-tools-for-stm32.9-2020-q2-update.win32_2.0.0.202105311346/tools/bin/../lib/gcc/arm-none-eabi/9.3.1/thumb/v7-m/nofp/crti.o
LOAD e:/cube/stm32cubeide_1.7.0/stm32cubeide/plugins/com.st.stm32cube.ide.mcu.externaltools.gnu-tools-for-stm32.9-2020-q2-update.win32_2.0.0.202105311346/tools/bin/../lib/gcc/arm-none-eabi/9.3.1/thumb/v7-m/nofp/crtbegin.o
LOAD e:/cube/stm32cubeide_1.7.0/stm32cubeide/plugins/com.st.stm32cube.ide.mcu.externaltools.gnu-tools-for-stm32.9-2020-q2-update.win32_2.0.0.202105311346/tools/bin/../lib/gcc/arm-none-eabi/9.3.1/../../../../arm-none-eabi/lib/thumb/v7-m/nofp/crt0.o
LOAD ./Core/Src/gpio.o
LOAD ./Core/Src/main.o
LOAD ./Core/Src/stm32f1xx_hal_msp.o
LOAD ./Core/Src/stm32f1xx_it.o
LOAD ./Core/Src/syscalls.o
LOAD ./Core/Src/sysmem.o
LOAD ./Core/Src/system_stm32f1xx.o
LOAD ./Core/Src/tim.o
LOAD ./Core/Startup/startup_stm32f103rctx.o
LOAD ./Drivers/STM32F1xx_HAL_Driver/Src/stm32f1xx_hal.o
LOAD ./Drivers/STM32F1xx_HAL_Driver/Src/stm32f1xx_hal_cortex.o
LOAD ./Drivers/STM32F1xx_HAL_Driver/Src/stm32f1xx_hal_dma.o
LOAD ./Drivers/STM32F1xx_HAL_Driver/Src/stm32f1xx_hal_exti.o
LOAD ./Drivers/STM32F1xx_HAL_Driver/Src/stm32f1xx_hal_flash.o
LOAD ./Drivers/STM32F1xx_HAL_Driver/Src/stm32f1xx_hal_flash_ex.o
LOAD ./Drivers/STM32F1xx_HAL_Driver/Src/stm32f1xx_hal_gpio.o
LOAD ./Drivers/STM32F1xx_HAL_Driver/Src/stm32f1xx_hal_gpio_ex.o
LOAD ./Drivers/STM32F1xx_HAL_Driver/Src/stm32f1xx_hal_pwr.o
LOAD ./Drivers/STM32F1xx_HAL_Driver/Src/stm32f1xx_hal_rcc.o
LOAD ./Drivers/STM32F1xx_HAL_Driver/Src/stm32f1xx_hal_rcc_ex.o
LOAD ./Drivers/STM32F1xx_HAL_Driver/Src/stm32f1xx_hal_tim.o
LOAD ./Drivers/STM32F1xx_HAL_Driver/Src/stm32f1xx_hal_tim_ex.o
START GROUP
LOAD e:/cube/stm32cubeide_1.7.0/stm32cubeide/plugins/com.st.stm32cube.ide.mcu.externaltools.gnu-tools-for-stm32.9-2020-q2-update.win32_2.0.0.202105311346/tools/bin/../lib/gcc/arm-none-eabi/9.3.1/../../../../arm-none-eabi/lib/thumb/v7-m/nofp\libc_nano.a
LOAD e:/cube/stm32cubeide_1.7.0/stm32cubeide/plugins/com.st.stm32cube.ide.mcu.externaltools.gnu-tools-for-stm32.9-2020-q2-update.win32_2.0.0.202105311346/tools/bin/../lib/gcc/arm-none-eabi/9.3.1/../../../../arm-none-eabi/lib/thumb/v7-m/nofp\libm.a
END GROUP
START GROUP
LOAD e:/cube/stm32cubeide_1.7.0/stm32cubeide/plugins/com.st.stm32cube.ide.mcu.externaltools.gnu-tools-for-stm32.9-2020-q2-update.win32_2.0.0.202105311346/tools/bin/../lib/gcc/arm-none-eabi/9.3.1/thumb/v7-m/nofp\libgcc.a
LOAD e:/cube/stm32cubeide_1.7.0/stm32cubeide/plugins/com.st.stm32cube.ide.mcu.externaltools.gnu-tools-for-stm32.9-2020-q2-update.win32_2.0.0.202105311346/tools/bin/../lib/gcc/arm-none-eabi/9.3.1/../../../../arm-none-eabi/lib/thumb/v7-m/nofp\libc_nano.a
END GROUP
START GROUP
LOAD e:/cube/stm32cubeide_1.7.0/stm32cubeide/plugins/com.st.stm32cube.ide.mcu.externaltools.gnu-tools-for-stm32.9-2020-q2-update.win32_2.0.0.202105311346/tools/bin/../lib/gcc/arm-none-eabi/9.3.1/thumb/v7-m/nofp\libgcc.a
LOAD e:/cube/stm32cubeide_1.7.0/stm32cubeide/plugins/com.st.stm32cube.ide.mcu.externaltools.gnu-tools-for-stm32.9-2020-q2-update.win32_2.0.0.202105311346/tools/bin/../lib/gcc/arm-none-eabi/9.3.1/../../../../arm-none-eabi/lib/thumb/v7-m/nofp\libc_nano.a
LOAD e:/cube/stm32cubeide_1.7.0/stm32cubeide/plugins/com.st.stm32cube.ide.mcu.externaltools.gnu-tools-for-stm32.9-2020-q2-update.win32_2.0.0.202105311346/tools/bin/../lib/gcc/arm-none-eabi/9.3.1/../../../../arm-none-eabi/lib/thumb/v7-m/nofp\libnosys.a
END GROUP
START GROUP
LOAD e:/cube/stm32cubeide_1.7.0/stm32cubeide/plugins/com.st.stm32cube.ide.mcu.externaltools.gnu-tools-for-stm32.9-2020-q2-update.win32_2.0.0.202105311346/tools/bin/../lib/gcc/arm-none-eabi/9.3.1/thumb/v7-m/nofp\libgcc.a
LOAD e:/cube/stm32cubeide_1.7.0/stm32cubeide/plugins/com.st.stm32cube.ide.mcu.externaltools.gnu-tools-for-stm32.9-2020-q2-update.win32_2.0.0.202105311346/tools/bin/../lib/gcc/arm-none-eabi/9.3.1/../../../../arm-none-eabi/lib/thumb/v7-m/nofp\libc_nano.a
LOAD e:/cube/stm32cubeide_1.7.0/stm32cubeide/plugins/com.st.stm32cube.ide.mcu.externaltools.gnu-tools-for-stm32.9-2020-q2-update.win32_2.0.0.202105311346/tools/bin/../lib/gcc/arm-none-eabi/9.3.1/../../../../arm-none-eabi/lib/thumb/v7-m/nofp\libnosys.a
END GROUP
LOAD e:/cube/stm32cubeide_1.7.0/stm32cubeide/plugins/com.st.stm32cube.ide.mcu.externaltools.gnu-tools-for-stm32.9-2020-q2-update.win32_2.0.0.202105311346/tools/bin/../lib/gcc/arm-none-eabi/9.3.1/thumb/v7-m/nofp/crtend.o
LOAD e:/cube/stm32cubeide_1.7.0/stm32cubeide/plugins/com.st.stm32cube.ide.mcu.externaltools.gnu-tools-for-stm32.9-2020-q2-update.win32_2.0.0.202105311346/tools/bin/../lib/gcc/arm-none-eabi/9.3.1/thumb/v7-m/nofp/crtn.o
                0x000000002000c000                _estack = (ORIGIN (RAM) + LENGTH (RAM))
                0x0000000000000200                _Min_Heap_Size = 0x200
                0x0000000000000400                _Min_Stack_Size = 0x400

.isr_vector     0x0000000008000000      0x1e4
                0x0000000008000000                . = ALIGN (0x4)
 *(.isr_vector)
 .isr_vector    0x0000000008000000      0x1e4 ./Core/Startup/startup_stm32f103rctx.o
                0x0000000008000000                g_pfnVectors
                0x00000000080001e4                . = ALIGN (0x4)

.text           0x00000000080001e4     0x1aa8
                0x00000000080001e4                . = ALIGN (0x4)
 *(.text)
 .text          0x00000000080001e4       0x40 e:/cube/stm32cubeide_1.7.0/stm32cubeide/plugins/com.st.stm32cube.ide.mcu.externaltools.gnu-tools-for-stm32.9-2020-q2-update.win32_2.0.0.202105311346/tools/bin/../lib/gcc/arm-none-eabi/9.3.1/thumb/v7-m/nofp/crtbegin.o
 *(.text*)
 .text.MX_GPIO_Init
                0x0000000008000224       0x80 ./Core/Src/gpio.o
                0x0000000008000224                MX_GPIO_Init
 .text.main     0x00000000080002a4       0x20 ./Core/Src/main.o
                0x00000000080002a4                main
 .text.SystemClock_Config
                0x00000000080002c4       0x8a ./Core/Src/main.o
                0x00000000080002c4                SystemClock_Config
 .text.Error_Handler
                0x000000000800034e        0xa ./Core/Src/main.o
                0x000000000800034e                Error_Handler
 .text.HAL_MspInit
                0x0000000008000358       0x68 ./Core/Src/stm32f1xx_hal_msp.o
                0x0000000008000358                HAL_MspInit
 .text.NMI_Handler
                0x00000000080003c0        0x6 ./Core/Src/stm32f1xx_it.o
                0x00000000080003c0                NMI_Handler
 .text.HardFault_Handler
                0x00000000080003c6        0x6 ./Core/Src/stm32f1xx_it.o
                0x00000000080003c6                HardFault_Handler
 .text.MemManage_Handler
                0x00000000080003cc        0x6 ./Core/Src/stm32f1xx_it.o
                0x00000000080003cc                MemManage_Handler
 .text.BusFault_Handler
                0x00000000080003d2        0x6 ./Core/Src/stm32f1xx_it.o
                0x00000000080003d2                BusFault_Handler
 .text.UsageFault_Handler
                0x00000000080003d8        0x6 ./Core/Src/stm32f1xx_it.o
                0x00000000080003d8                UsageFault_Handler
 .text.SVC_Handler
                0x00000000080003de        0xc ./Core/Src/stm32f1xx_it.o
                0x00000000080003de                SVC_Handler
 .text.DebugMon_Handler
                0x00000000080003ea        0xc ./Core/Src/stm32f1xx_it.o
                0x00000000080003ea                DebugMon_Handler
 .text.PendSV_Handler
                0x00000000080003f6        0xc ./Core/Src/stm32f1xx_it.o
                0x00000000080003f6                PendSV_Handler
 .text.SysTick_Handler
                0x0000000008000402        0xc ./Core/Src/stm32f1xx_it.o
                0x0000000008000402                SysTick_Handler
 *fill*         0x000000000800040e        0x2 
 .text.TIM5_IRQHandler
                0x0000000008000410       0x14 ./Core/Src/stm32f1xx_it.o
                0x0000000008000410                TIM5_IRQHandler
 .text.HAL_TIM_PeriodElapsedCallback
                0x0000000008000424       0x20 ./Core/Src/stm32f1xx_it.o
                0x0000000008000424                HAL_TIM_PeriodElapsedCallback
 .text.SystemInit
                0x0000000008000444        0xc ./Core/Src/system_stm32f1xx.o
                0x0000000008000444                SystemInit
 .text.MX_TIM5_Init
                0x0000000008000450       0x9c ./Core/Src/tim.o
                0x0000000008000450                MX_TIM5_Init
 .text.HAL_TIM_Base_MspInit
                0x00000000080004ec       0x4c ./Core/Src/tim.o
                0x00000000080004ec                HAL_TIM_Base_MspInit
 .text.Reset_Handler
                0x0000000008000538       0x48 ./Core/Startup/startup_stm32f103rctx.o
                0x0000000008000538                Reset_Handler
 .text.Default_Handler
                0x0000000008000580        0x2 ./Core/Startup/startup_stm32f103rctx.o
                0x0000000008000580                RTC_Alarm_IRQHandler
                0x0000000008000580                EXTI2_IRQHandler
                0x0000000008000580                TIM8_TRG_COM_IRQHandler
                0x0000000008000580                TIM8_CC_IRQHandler
                0x0000000008000580                TIM1_CC_IRQHandler
                0x0000000008000580                TIM6_IRQHandler
                0x0000000008000580                PVD_IRQHandler
                0x0000000008000580                SDIO_IRQHandler
                0x0000000008000580                EXTI3_IRQHandler
                0x0000000008000580                EXTI0_IRQHandler
                0x0000000008000580                I2C2_EV_IRQHandler
                0x0000000008000580                ADC1_2_IRQHandler
                0x0000000008000580                SPI1_IRQHandler
                0x0000000008000580                TAMPER_IRQHandler
                0x0000000008000580                TIM8_UP_IRQHandler
                0x0000000008000580                DMA2_Channel2_IRQHandler
                0x0000000008000580                DMA1_Channel4_IRQHandler
                0x0000000008000580                USART3_IRQHandler
                0x0000000008000580                RTC_IRQHandler
                0x0000000008000580                DMA1_Channel7_IRQHandler
                0x0000000008000580                CAN1_RX1_IRQHandler
                0x0000000008000580                UART5_IRQHandler
                0x0000000008000580                ADC3_IRQHandler
                0x0000000008000580                TIM4_IRQHandler
                0x0000000008000580                DMA2_Channel1_IRQHandler
                0x0000000008000580                I2C1_EV_IRQHandler
                0x0000000008000580                DMA1_Channel6_IRQHandler
                0x0000000008000580                UART4_IRQHandler
                0x0000000008000580                TIM3_IRQHandler
                0x0000000008000580                RCC_IRQHandler
                0x0000000008000580                TIM1_TRG_COM_IRQHandler
                0x0000000008000580                DMA1_Channel1_IRQHandler
                0x0000000008000580                Default_Handler
                0x0000000008000580                EXTI15_10_IRQHandler
                0x0000000008000580                TIM7_IRQHandler
                0x0000000008000580                EXTI9_5_IRQHandler
                0x0000000008000580                SPI2_IRQHandler
                0x0000000008000580                DMA1_Channel5_IRQHandler
                0x0000000008000580                EXTI4_IRQHandler
                0x0000000008000580                USB_LP_CAN1_RX0_IRQHandler
                0x0000000008000580                USB_HP_CAN1_TX_IRQHandler
                0x0000000008000580                DMA1_Channel3_IRQHandler
                0x0000000008000580                FSMC_IRQHandler
                0x0000000008000580                TIM1_UP_IRQHandler
                0x0000000008000580                WWDG_IRQHandler
                0x0000000008000580                TIM2_IRQHandler
                0x0000000008000580                TIM1_BRK_IRQHandler
                0x0000000008000580                EXTI1_IRQHandler
                0x0000000008000580                DMA2_Channel4_5_IRQHandler
                0x0000000008000580                USART2_IRQHandler
                0x0000000008000580                I2C2_ER_IRQHandler
                0x0000000008000580                DMA1_Channel2_IRQHandler
                0x0000000008000580                TIM8_BRK_IRQHandler
                0x0000000008000580                CAN1_SCE_IRQHandler
                0x0000000008000580                FLASH_IRQHandler
                0x0000000008000580                USART1_IRQHandler
                0x0000000008000580                SPI3_IRQHandler
                0x0000000008000580                I2C1_ER_IRQHandler
                0x0000000008000580                USBWakeUp_IRQHandler
                0x0000000008000580                DMA2_Channel3_IRQHandler
 *fill*         0x0000000008000582        0x2 
 .text.HAL_Init
                0x0000000008000584       0x2c ./Drivers/STM32F1xx_HAL_Driver/Src/stm32f1xx_hal.o
                0x0000000008000584                HAL_Init
 .text.HAL_InitTick
                0x00000000080005b0       0x60 ./Drivers/STM32F1xx_HAL_Driver/Src/stm32f1xx_hal.o
                0x00000000080005b0                HAL_InitTick
 .text.HAL_IncTick
                0x0000000008000610       0x24 ./Drivers/STM32F1xx_HAL_Driver/Src/stm32f1xx_hal.o
                0x0000000008000610                HAL_IncTick
 .text.HAL_GetTick
                0x0000000008000634       0x14 ./Drivers/STM32F1xx_HAL_Driver/Src/stm32f1xx_hal.o
                0x0000000008000634                HAL_GetTick
 .text.__NVIC_SetPriorityGrouping
                0x0000000008000648       0x48 ./Drivers/STM32F1xx_HAL_Driver/Src/stm32f1xx_hal_cortex.o
 .text.__NVIC_GetPriorityGrouping
                0x0000000008000690       0x1c ./Drivers/STM32F1xx_HAL_Driver/Src/stm32f1xx_hal_cortex.o
 .text.__NVIC_EnableIRQ
                0x00000000080006ac       0x38 ./Drivers/STM32F1xx_HAL_Driver/Src/stm32f1xx_hal_cortex.o
 .text.__NVIC_SetPriority
                0x00000000080006e4       0x54 ./Drivers/STM32F1xx_HAL_Driver/Src/stm32f1xx_hal_cortex.o
 .text.NVIC_EncodePriority
                0x0000000008000738       0x64 ./Drivers/STM32F1xx_HAL_Driver/Src/stm32f1xx_hal_cortex.o
 .text.SysTick_Config
                0x000000000800079c       0x44 ./Drivers/STM32F1xx_HAL_Driver/Src/stm32f1xx_hal_cortex.o
 .text.HAL_NVIC_SetPriorityGrouping
                0x00000000080007e0       0x16 ./Drivers/STM32F1xx_HAL_Driver/Src/stm32f1xx_hal_cortex.o
                0x00000000080007e0                HAL_NVIC_SetPriorityGrouping
 .text.HAL_NVIC_SetPriority
                0x00000000080007f6       0x38 ./Drivers/STM32F1xx_HAL_Driver/Src/stm32f1xx_hal_cortex.o
                0x00000000080007f6                HAL_NVIC_SetPriority
 .text.HAL_NVIC_EnableIRQ
                0x000000000800082e       0x1c ./Drivers/STM32F1xx_HAL_Driver/Src/stm32f1xx_hal_cortex.o
                0x000000000800082e                HAL_NVIC_EnableIRQ
 .text.HAL_SYSTICK_Config
                0x000000000800084a       0x18 ./Drivers/STM32F1xx_HAL_Driver/Src/stm32f1xx_hal_cortex.o
                0x000000000800084a                HAL_SYSTICK_Config
 *fill*         0x0000000008000862        0x2 
 .text.HAL_GPIO_Init
                0x0000000008000864      0x328 ./Drivers/STM32F1xx_HAL_Driver/Src/stm32f1xx_hal_gpio.o
                0x0000000008000864                HAL_GPIO_Init
 .text.HAL_GPIO_WritePin
                0x0000000008000b8c       0x30 ./Drivers/STM32F1xx_HAL_Driver/Src/stm32f1xx_hal_gpio.o
                0x0000000008000b8c                HAL_GPIO_WritePin
 .text.HAL_GPIO_TogglePin
                0x0000000008000bbc       0x32 ./Drivers/STM32F1xx_HAL_Driver/Src/stm32f1xx_hal_gpio.o
                0x0000000008000bbc                HAL_GPIO_TogglePin
 *fill*         0x0000000008000bee        0x2 
 .text.HAL_RCC_OscConfig
                0x0000000008000bf0      0x500 ./Drivers/STM32F1xx_HAL_Driver/Src/stm32f1xx_hal_rcc.o
                0x0000000008000bf0                HAL_RCC_OscConfig
 .text.HAL_RCC_ClockConfig
                0x00000000080010f0      0x1d4 ./Drivers/STM32F1xx_HAL_Driver/Src/stm32f1xx_hal_rcc.o
                0x00000000080010f0                HAL_RCC_ClockConfig
 .text.HAL_RCC_GetSysClockFreq
                0x00000000080012c4       0xc0 ./Drivers/STM32F1xx_HAL_Driver/Src/stm32f1xx_hal_rcc.o
                0x00000000080012c4                HAL_RCC_GetSysClockFreq
 .text.RCC_Delay
                0x0000000008001384       0x3c ./Drivers/STM32F1xx_HAL_Driver/Src/stm32f1xx_hal_rcc.o
 .text.HAL_TIM_Base_Init
                0x00000000080013c0       0x9e ./Drivers/STM32F1xx_HAL_Driver/Src/stm32f1xx_hal_tim.o
                0x00000000080013c0                HAL_TIM_Base_Init
 *fill*         0x000000000800145e        0x2 
 .text.HAL_TIM_Base_Start_IT
                0x0000000008001460       0xc0 ./Drivers/STM32F1xx_HAL_Driver/Src/stm32f1xx_hal_tim.o
                0x0000000008001460                HAL_TIM_Base_Start_IT
 .text.HAL_TIM_IRQHandler
                0x0000000008001520      0x210 ./Drivers/STM32F1xx_HAL_Driver/Src/stm32f1xx_hal_tim.o
                0x0000000008001520                HAL_TIM_IRQHandler
 .text.HAL_TIM_ConfigClockSource
                0x0000000008001730      0x188 ./Drivers/STM32F1xx_HAL_Driver/Src/stm32f1xx_hal_tim.o
                0x0000000008001730                HAL_TIM_ConfigClockSource
 .text.HAL_TIM_OC_DelayElapsedCallback
                0x00000000080018b8       0x12 ./Drivers/STM32F1xx_HAL_Driver/Src/stm32f1xx_hal_tim.o
                0x00000000080018b8                HAL_TIM_OC_DelayElapsedCallback
 .text.HAL_TIM_IC_CaptureCallback
                0x00000000080018ca       0x12 ./Drivers/STM32F1xx_HAL_Driver/Src/stm32f1xx_hal_tim.o
                0x00000000080018ca                HAL_TIM_IC_CaptureCallback
 .text.HAL_TIM_PWM_PulseFinishedCallback
                0x00000000080018dc       0x12 ./Drivers/STM32F1xx_HAL_Driver/Src/stm32f1xx_hal_tim.o
                0x00000000080018dc                HAL_TIM_PWM_PulseFinishedCallback
 .text.HAL_TIM_TriggerCallback
                0x00000000080018ee       0x12 ./Drivers/STM32F1xx_HAL_Driver/Src/stm32f1xx_hal_tim.o
                0x00000000080018ee                HAL_TIM_TriggerCallback
 .text.TIM_Base_SetConfig
                0x0000000008001900       0xf4 ./Drivers/STM32F1xx_HAL_Driver/Src/stm32f1xx_hal_tim.o
                0x0000000008001900                TIM_Base_SetConfig
 .text.TIM_TI1_ConfigInputStage
                0x00000000080019f4       0x5c ./Drivers/STM32F1xx_HAL_Driver/Src/stm32f1xx_hal_tim.o
 .text.TIM_TI2_ConfigInputStage
                0x0000000008001a50       0x5e ./Drivers/STM32F1xx_HAL_Driver/Src/stm32f1xx_hal_tim.o
 .text.TIM_ITRx_SetConfig
                0x0000000008001aae       0x34 ./Drivers/STM32F1xx_HAL_Driver/Src/stm32f1xx_hal_tim.o
 .text.TIM_ETR_SetConfig
                0x0000000008001ae2       0x3e ./Drivers/STM32F1xx_HAL_Driver/Src/stm32f1xx_hal_tim.o
                0x0000000008001ae2                TIM_ETR_SetConfig
 .text.HAL_TIMEx_MasterConfigSynchronization
                0x0000000008001b20       0xd8 ./Drivers/STM32F1xx_HAL_Driver/Src/stm32f1xx_hal_tim_ex.o
                0x0000000008001b20                HAL_TIMEx_MasterConfigSynchronization
 .text.HAL_TIMEx_CommutCallback
                0x0000000008001bf8       0x12 ./Drivers/STM32F1xx_HAL_Driver/Src/stm32f1xx_hal_tim_ex.o
                0x0000000008001bf8                HAL_TIMEx_CommutCallback
 .text.HAL_TIMEx_BreakCallback
                0x0000000008001c0a       0x12 ./Drivers/STM32F1xx_HAL_Driver/Src/stm32f1xx_hal_tim_ex.o
                0x0000000008001c0a                HAL_TIMEx_BreakCallback
 .text.__libc_init_array
                0x0000000008001c1c       0x48 e:/cube/stm32cubeide_1.7.0/stm32cubeide/plugins/com.st.stm32cube.ide.mcu.externaltools.gnu-tools-for-stm32.9-2020-q2-update.win32_2.0.0.202105311346/tools/bin/../lib/gcc/arm-none-eabi/9.3.1/../../../../arm-none-eabi/lib/thumb/v7-m/nofp\libc_nano.a(lib_a-init.o)
                0x0000000008001c1c                __libc_init_array
 .text.memset   0x0000000008001c64       0x10 e:/cube/stm32cubeide_1.7.0/stm32cubeide/plugins/com.st.stm32cube.ide.mcu.externaltools.gnu-tools-for-stm32.9-2020-q2-update.win32_2.0.0.202105311346/tools/bin/../lib/gcc/arm-none-eabi/9.3.1/../../../../arm-none-eabi/lib/thumb/v7-m/nofp\libc_nano.a(lib_a-memset.o)
                0x0000000008001c64                memset
 *(.glue_7)
 .glue_7        0x0000000008001c74        0x0 linker stubs
 *(.glue_7t)
 .glue_7t       0x0000000008001c74        0x0 linker stubs
 *(.eh_frame)
 .eh_frame      0x0000000008001c74        0x0 e:/cube/stm32cubeide_1.7.0/stm32cubeide/plugins/com.st.stm32cube.ide.mcu.externaltools.gnu-tools-for-stm32.9-2020-q2-update.win32_2.0.0.202105311346/tools/bin/../lib/gcc/arm-none-eabi/9.3.1/thumb/v7-m/nofp/crtbegin.o
 *(.init)
 .init          0x0000000008001c74        0x4 e:/cube/stm32cubeide_1.7.0/stm32cubeide/plugins/com.st.stm32cube.ide.mcu.externaltools.gnu-tools-for-stm32.9-2020-q2-update.win32_2.0.0.202105311346/tools/bin/../lib/gcc/arm-none-eabi/9.3.1/thumb/v7-m/nofp/crti.o
                0x0000000008001c74                _init
 .init          0x0000000008001c78        0x8 e:/cube/stm32cubeide_1.7.0/stm32cubeide/plugins/com.st.stm32cube.ide.mcu.externaltools.gnu-tools-for-stm32.9-2020-q2-update.win32_2.0.0.202105311346/tools/bin/../lib/gcc/arm-none-eabi/9.3.1/thumb/v7-m/nofp/crtn.o
 *(.fini)
 .fini          0x0000000008001c80        0x4 e:/cube/stm32cubeide_1.7.0/stm32cubeide/plugins/com.st.stm32cube.ide.mcu.externaltools.gnu-tools-for-stm32.9-2020-q2-update.win32_2.0.0.202105311346/tools/bin/../lib/gcc/arm-none-eabi/9.3.1/thumb/v7-m/nofp/crti.o
                0x0000000008001c80                _fini
 .fini          0x0000000008001c84        0x8 e:/cube/stm32cubeide_1.7.0/stm32cubeide/plugins/com.st.stm32cube.ide.mcu.externaltools.gnu-tools-for-stm32.9-2020-q2-update.win32_2.0.0.202105311346/tools/bin/../lib/gcc/arm-none-eabi/9.3.1/thumb/v7-m/nofp/crtn.o
                0x0000000008001c8c                . = ALIGN (0x4)
                0x0000000008001c8c                _etext = .

.vfp11_veneer   0x0000000008001c8c        0x0
 .vfp11_veneer  0x0000000008001c8c        0x0 linker stubs

.v4_bx          0x0000000008001c8c        0x0
 .v4_bx         0x0000000008001c8c        0x0 linker stubs

.iplt           0x0000000008001c8c        0x0
 .iplt          0x0000000008001c8c        0x0 e:/cube/stm32cubeide_1.7.0/stm32cubeide/plugins/com.st.stm32cube.ide.mcu.externaltools.gnu-tools-for-stm32.9-2020-q2-update.win32_2.0.0.202105311346/tools/bin/../lib/gcc/arm-none-eabi/9.3.1/thumb/v7-m/nofp/crtbegin.o

.rodata         0x0000000008001c8c       0x20
                0x0000000008001c8c                . = ALIGN (0x4)
 *(.rodata)
 .rodata        0x0000000008001c8c       0x10 ./Drivers/STM32F1xx_HAL_Driver/Src/stm32f1xx_hal_rcc.o
 *(.rodata*)
 .rodata.AHBPrescTable
                0x0000000008001c9c       0x10 ./Core/Src/system_stm32f1xx.o
                0x0000000008001c9c                AHBPrescTable
                0x0000000008001cac                . = ALIGN (0x4)

.rel.dyn        0x0000000008001cac        0x0
 .rel.iplt      0x0000000008001cac        0x0 e:/cube/stm32cubeide_1.7.0/stm32cubeide/plugins/com.st.stm32cube.ide.mcu.externaltools.gnu-tools-for-stm32.9-2020-q2-update.win32_2.0.0.202105311346/tools/bin/../lib/gcc/arm-none-eabi/9.3.1/thumb/v7-m/nofp/crtbegin.o

.ARM.extab      0x0000000008001cac        0x0
                0x0000000008001cac                . = ALIGN (0x4)
 *(.ARM.extab* .gnu.linkonce.armextab.*)
                0x0000000008001cac                . = ALIGN (0x4)

.ARM            0x0000000008001cac        0x0
                0x0000000008001cac                . = ALIGN (0x4)
                0x0000000008001cac                __exidx_start = .
 *(.ARM.exidx*)
                0x0000000008001cac                __exidx_end = .
                0x0000000008001cac                . = ALIGN (0x4)

.preinit_array  0x0000000008001cac        0x0
                0x0000000008001cac                . = ALIGN (0x4)
                0x0000000008001cac                PROVIDE (__preinit_array_start = .)
 *(.preinit_array*)
                0x0000000008001cac                PROVIDE (__preinit_array_end = .)
                0x0000000008001cac                . = ALIGN (0x4)

.init_array     0x0000000008001cac        0x4
                0x0000000008001cac                . = ALIGN (0x4)
                0x0000000008001cac                PROVIDE (__init_array_start = .)
 *(SORT_BY_NAME(.init_array.*))
 *(.init_array*)
 .init_array    0x0000000008001cac        0x4 e:/cube/stm32cubeide_1.7.0/stm32cubeide/plugins/com.st.stm32cube.ide.mcu.externaltools.gnu-tools-for-stm32.9-2020-q2-update.win32_2.0.0.202105311346/tools/bin/../lib/gcc/arm-none-eabi/9.3.1/thumb/v7-m/nofp/crtbegin.o
                0x0000000008001cb0                PROVIDE (__init_array_end = .)
                0x0000000008001cb0                . = ALIGN (0x4)

.fini_array     0x0000000008001cb0        0x4
                0x0000000008001cb0                . = ALIGN (0x4)
                [!provide]                        PROVIDE (__fini_array_start = .)
 *(SORT_BY_NAME(.fini_array.*))
 *(.fini_array*)
 .fini_array    0x0000000008001cb0        0x4 e:/cube/stm32cubeide_1.7.0/stm32cubeide/plugins/com.st.stm32cube.ide.mcu.externaltools.gnu-tools-for-stm32.9-2020-q2-update.win32_2.0.0.202105311346/tools/bin/../lib/gcc/arm-none-eabi/9.3.1/thumb/v7-m/nofp/crtbegin.o
                [!provide]                        PROVIDE (__fini_array_end = .)
                0x0000000008001cb4                . = ALIGN (0x4)
                0x0000000008001cb4                _sidata = LOADADDR (.data)

.data           0x0000000020000000        0xc load address 0x0000000008001cb4
                0x0000000020000000                . = ALIGN (0x4)
                0x0000000020000000                _sdata = .
 *(.data)
 *(.data*)
 .data.SystemCoreClock
                0x0000000020000000        0x4 ./Core/Src/system_stm32f1xx.o
                0x0000000020000000                SystemCoreClock
 .data.uwTickPrio
                0x0000000020000004        0x4 ./Drivers/STM32F1xx_HAL_Driver/Src/stm32f1xx_hal.o
                0x0000000020000004                uwTickPrio
 .data.uwTickFreq
                0x0000000020000008        0x1 ./Drivers/STM32F1xx_HAL_Driver/Src/stm32f1xx_hal.o
                0x0000000020000008                uwTickFreq
 *(.RamFunc)
 *(.RamFunc*)
                0x000000002000000c                . = ALIGN (0x4)
 *fill*         0x0000000020000009        0x3 
                0x000000002000000c                _edata = .

.igot.plt       0x000000002000000c        0x0 load address 0x0000000008001cc0
 .igot.plt      0x000000002000000c        0x0 e:/cube/stm32cubeide_1.7.0/stm32cubeide/plugins/com.st.stm32cube.ide.mcu.externaltools.gnu-tools-for-stm32.9-2020-q2-update.win32_2.0.0.202105311346/tools/bin/../lib/gcc/arm-none-eabi/9.3.1/thumb/v7-m/nofp/crtbegin.o
                0x000000002000000c                . = ALIGN (0x4)

.bss            0x000000002000000c       0x68 load address 0x0000000008001cc0
                0x000000002000000c                _sbss = .
                0x000000002000000c                __bss_start__ = _sbss
 *(.bss)
 .bss           0x000000002000000c       0x1c e:/cube/stm32cubeide_1.7.0/stm32cubeide/plugins/com.st.stm32cube.ide.mcu.externaltools.gnu-tools-for-stm32.9-2020-q2-update.win32_2.0.0.202105311346/tools/bin/../lib/gcc/arm-none-eabi/9.3.1/thumb/v7-m/nofp/crtbegin.o
 *(.bss*)
 *(COMMON)
 COMMON         0x0000000020000028       0x48 ./Core/Src/tim.o
                0x0000000020000028                htim5
 COMMON         0x0000000020000070        0x4 ./Drivers/STM32F1xx_HAL_Driver/Src/stm32f1xx_hal.o
                0x0000000020000070                uwTick
                0x0000000020000074                . = ALIGN (0x4)
                0x0000000020000074                _ebss = .
                0x0000000020000074                __bss_end__ = _ebss

._user_heap_stack
                0x0000000020000074      0x604 load address 0x0000000008001cc0
                0x0000000020000078                . = ALIGN (0x8)
 *fill*         0x0000000020000074        0x4 
                [!provide]                        PROVIDE (end = .)
                0x0000000020000078                PROVIDE (_end = .)
                0x0000000020000278                . = (. + _Min_Heap_Size)
 *fill*         0x0000000020000078      0x200 
                0x0000000020000678                . = (. + _Min_Stack_Size)
 *fill*         0x0000000020000278      0x400 
                0x0000000020000678                . = ALIGN (0x8)

/DISCARD/
 libc.a(*)
 libm.a(*)
 libgcc.a(*)

.ARM.attributes
                0x0000000000000000       0x29
 *(.ARM.attributes)
 .ARM.attributes
                0x0000000000000000       0x1d e:/cube/stm32cubeide_1.7.0/stm32cubeide/plugins/com.st.stm32cube.ide.mcu.externaltools.gnu-tools-for-stm32.9-2020-q2-update.win32_2.0.0.202105311346/tools/bin/../lib/gcc/arm-none-eabi/9.3.1/thumb/v7-m/nofp/crti.o
 .ARM.attributes
                0x000000000000001d       0x2d e:/cube/stm32cubeide_1.7.0/stm32cubeide/plugins/com.st.stm32cube.ide.mcu.externaltools.gnu-tools-for-stm32.9-2020-q2-update.win32_2.0.0.202105311346/tools/bin/../lib/gcc/arm-none-eabi/9.3.1/thumb/v7-m/nofp/crtbegin.o
 .ARM.attributes
                0x000000000000004a       0x2d ./Core/Src/gpio.o
 .ARM.attributes
                0x0000000000000077       0x2d ./Core/Src/main.o
 .ARM.attributes
                0x00000000000000a4       0x2d ./Core/Src/stm32f1xx_hal_msp.o
 .ARM.attributes
                0x00000000000000d1       0x2d ./Core/Src/stm32f1xx_it.o
 .ARM.attributes
                0x00000000000000fe       0x2d ./Core/Src/system_stm32f1xx.o
 .ARM.attributes
                0x000000000000012b       0x2d ./Core/Src/tim.o
 .ARM.attributes
                0x0000000000000158       0x21 ./Core/Startup/startup_stm32f103rctx.o
 .ARM.attributes
                0x0000000000000179       0x2d ./Drivers/STM32F1xx_HAL_Driver/Src/stm32f1xx_hal.o
 .ARM.attributes
                0x00000000000001a6       0x2d ./Drivers/STM32F1xx_HAL_Driver/Src/stm32f1xx_hal_cortex.o
 .ARM.attributes
                0x00000000000001d3       0x2d ./Drivers/STM32F1xx_HAL_Driver/Src/stm32f1xx_hal_gpio.o
 .ARM.attributes
                0x0000000000000200       0x2d ./Drivers/STM32F1xx_HAL_Driver/Src/stm32f1xx_hal_rcc.o
 .ARM.attributes
                0x000000000000022d       0x2d ./Drivers/STM32F1xx_HAL_Driver/Src/stm32f1xx_hal_tim.o
 .ARM.attributes
                0x000000000000025a       0x2d ./Drivers/STM32F1xx_HAL_Driver/Src/stm32f1xx_hal_tim_ex.o
 .ARM.attributes
                0x0000000000000287       0x2d e:/cube/stm32cubeide_1.7.0/stm32cubeide/plugins/com.st.stm32cube.ide.mcu.externaltools.gnu-tools-for-stm32.9-2020-q2-update.win32_2.0.0.202105311346/tools/bin/../lib/gcc/arm-none-eabi/9.3.1/../../../../arm-none-eabi/lib/thumb/v7-m/nofp\libc_nano.a(lib_a-init.o)
 .ARM.attributes
                0x00000000000002b4       0x2d e:/cube/stm32cubeide_1.7.0/stm32cubeide/plugins/com.st.stm32cube.ide.mcu.externaltools.gnu-tools-for-stm32.9-2020-q2-update.win32_2.0.0.202105311346/tools/bin/../lib/gcc/arm-none-eabi/9.3.1/../../../../arm-none-eabi/lib/thumb/v7-m/nofp\libc_nano.a(lib_a-memset.o)
 .ARM.attributes
                0x00000000000002e1       0x1d e:/cube/stm32cubeide_1.7.0/stm32cubeide/plugins/com.st.stm32cube.ide.mcu.externaltools.gnu-tools-for-stm32.9-2020-q2-update.win32_2.0.0.202105311346/tools/bin/../lib/gcc/arm-none-eabi/9.3.1/thumb/v7-m/nofp/crtn.o
OUTPUT(lab5.elf elf32-littlearm)
LOAD linker stubs
LOAD e:/cube/stm32cubeide_1.7.0/stm32cubeide/plugins/com.st.stm32cube.ide.mcu.externaltools.gnu-tools-for-stm32.9-2020-q2-update.win32_2.0.0.202105311346/tools/bin/../lib/gcc/arm-none-eabi/9.3.1/../../../../arm-none-eabi/lib/thumb/v7-m/nofp\libc.a
LOAD e:/cube/stm32cubeide_1.7.0/stm32cubeide/plugins/com.st.stm32cube.ide.mcu.externaltools.gnu-tools-for-stm32.9-2020-q2-update.win32_2.0.0.202105311346/tools/bin/../lib/gcc/arm-none-eabi/9.3.1/../../../../arm-none-eabi/lib/thumb/v7-m/nofp\libm.a
LOAD e:/cube/stm32cubeide_1.7.0/stm32cubeide/plugins/com.st.stm32cube.ide.mcu.externaltools.gnu-tools-for-stm32.9-2020-q2-update.win32_2.0.0.202105311346/tools/bin/../lib/gcc/arm-none-eabi/9.3.1/thumb/v7-m/nofp\libgcc.a

.debug_info     0x0000000000000000     0x87cd
 .debug_info    0x0000000000000000      0x372 ./Core/Src/gpio.o
 .debug_info    0x0000000000000372      0x8b7 ./Core/Src/main.o
 .debug_info    0x0000000000000c29      0x2fc ./Core/Src/stm32f1xx_hal_msp.o
 .debug_info    0x0000000000000f25      0x872 ./Core/Src/stm32f1xx_it.o
 .debug_info    0x0000000000001797      0x2be ./Core/Src/system_stm32f1xx.o
 .debug_info    0x0000000000001a55      0xa9b ./Core/Src/tim.o
 .debug_info    0x00000000000024f0       0x22 ./Core/Startup/startup_stm32f103rctx.o
 .debug_info    0x0000000000002512      0x7d0 ./Drivers/STM32F1xx_HAL_Driver/Src/stm32f1xx_hal.o
 .debug_info    0x0000000000002ce2      0xc42 ./Drivers/STM32F1xx_HAL_Driver/Src/stm32f1xx_hal_cortex.o
 .debug_info    0x0000000000003924      0x701 ./Drivers/STM32F1xx_HAL_Driver/Src/stm32f1xx_hal_gpio.o
 .debug_info    0x0000000000004025      0x88e ./Drivers/STM32F1xx_HAL_Driver/Src/stm32f1xx_hal_rcc.o
 .debug_info    0x00000000000048b3     0x2a45 ./Drivers/STM32F1xx_HAL_Driver/Src/stm32f1xx_hal_tim.o
 .debug_info    0x00000000000072f8     0x14d5 ./Drivers/STM32F1xx_HAL_Driver/Src/stm32f1xx_hal_tim_ex.o

.debug_abbrev   0x0000000000000000     0x1711
 .debug_abbrev  0x0000000000000000      0x14e ./Core/Src/gpio.o
 .debug_abbrev  0x000000000000014e      0x1c9 ./Core/Src/main.o
 .debug_abbrev  0x0000000000000317      0x11d ./Core/Src/stm32f1xx_hal_msp.o
 .debug_abbrev  0x0000000000000434      0x1a3 ./Core/Src/stm32f1xx_it.o
 .debug_abbrev  0x00000000000005d7      0x14e ./Core/Src/system_stm32f1xx.o
 .debug_abbrev  0x0000000000000725      0x1bb ./Core/Src/tim.o
 .debug_abbrev  0x00000000000008e0       0x12 ./Core/Startup/startup_stm32f103rctx.o
 .debug_abbrev  0x00000000000008f2      0x1ed ./Drivers/STM32F1xx_HAL_Driver/Src/stm32f1xx_hal.o
 .debug_abbrev  0x0000000000000adf      0x313 ./Drivers/STM32F1xx_HAL_Driver/Src/stm32f1xx_hal_cortex.o
 .debug_abbrev  0x0000000000000df2      0x1e8 ./Drivers/STM32F1xx_HAL_Driver/Src/stm32f1xx_hal_gpio.o
 .debug_abbrev  0x0000000000000fda      0x273 ./Drivers/STM32F1xx_HAL_Driver/Src/stm32f1xx_hal_rcc.o
 .debug_abbrev  0x000000000000124d      0x25e ./Drivers/STM32F1xx_HAL_Driver/Src/stm32f1xx_hal_tim.o
 .debug_abbrev  0x00000000000014ab      0x266 ./Drivers/STM32F1xx_HAL_Driver/Src/stm32f1xx_hal_tim_ex.o

.debug_aranges  0x0000000000000000      0x960
 .debug_aranges
                0x0000000000000000       0x20 ./Core/Src/gpio.o
 .debug_aranges
                0x0000000000000020       0x30 ./Core/Src/main.o
 .debug_aranges
                0x0000000000000050       0x20 ./Core/Src/stm32f1xx_hal_msp.o
 .debug_aranges
                0x0000000000000070       0x70 ./Core/Src/stm32f1xx_it.o
 .debug_aranges
                0x00000000000000e0       0x28 ./Core/Src/system_stm32f1xx.o
 .debug_aranges
                0x0000000000000108       0x30 ./Core/Src/tim.o
 .debug_aranges
                0x0000000000000138       0x28 ./Core/Startup/startup_stm32f103rctx.o
 .debug_aranges
                0x0000000000000160       0xe0 ./Drivers/STM32F1xx_HAL_Driver/Src/stm32f1xx_hal.o
 .debug_aranges
                0x0000000000000240      0x100 ./Drivers/STM32F1xx_HAL_Driver/Src/stm32f1xx_hal_cortex.o
 .debug_aranges
                0x0000000000000340       0x58 ./Drivers/STM32F1xx_HAL_Driver/Src/stm32f1xx_hal_gpio.o
 .debug_aranges
                0x0000000000000398       0x90 ./Drivers/STM32F1xx_HAL_Driver/Src/stm32f1xx_hal_rcc.o
 .debug_aranges
                0x0000000000000428      0x3d0 ./Drivers/STM32F1xx_HAL_Driver/Src/stm32f1xx_hal_tim.o
 .debug_aranges
                0x00000000000007f8      0x168 ./Drivers/STM32F1xx_HAL_Driver/Src/stm32f1xx_hal_tim_ex.o

.debug_ranges   0x0000000000000000      0x898
 .debug_ranges  0x0000000000000000       0x10 ./Core/Src/gpio.o
 .debug_ranges  0x0000000000000010       0x20 ./Core/Src/main.o
 .debug_ranges  0x0000000000000030       0x10 ./Core/Src/stm32f1xx_hal_msp.o
 .debug_ranges  0x0000000000000040       0x60 ./Core/Src/stm32f1xx_it.o
 .debug_ranges  0x00000000000000a0       0x18 ./Core/Src/system_stm32f1xx.o
 .debug_ranges  0x00000000000000b8       0x20 ./Core/Src/tim.o
 .debug_ranges  0x00000000000000d8       0x20 ./Core/Startup/startup_stm32f103rctx.o
 .debug_ranges  0x00000000000000f8       0xd0 ./Drivers/STM32F1xx_HAL_Driver/Src/stm32f1xx_hal.o
 .debug_ranges  0x00000000000001c8       0xf0 ./Drivers/STM32F1xx_HAL_Driver/Src/stm32f1xx_hal_cortex.o
 .debug_ranges  0x00000000000002b8       0x48 ./Drivers/STM32F1xx_HAL_Driver/Src/stm32f1xx_hal_gpio.o
 .debug_ranges  0x0000000000000300       0x80 ./Drivers/STM32F1xx_HAL_Driver/Src/stm32f1xx_hal_rcc.o
 .debug_ranges  0x0000000000000380      0x3c0 ./Drivers/STM32F1xx_HAL_Driver/Src/stm32f1xx_hal_tim.o
 .debug_ranges  0x0000000000000740      0x158 ./Drivers/STM32F1xx_HAL_Driver/Src/stm32f1xx_hal_tim_ex.o

.debug_macro    0x0000000000000000    0x188e6
 .debug_macro   0x0000000000000000      0x1b2 ./Core/Src/gpio.o
 .debug_macro   0x00000000000001b2      0xa9c ./Core/Src/gpio.o
 .debug_macro   0x0000000000000c4e      0x215 ./Core/Src/gpio.o
 .debug_macro   0x0000000000000e63       0x2e ./Core/Src/gpio.o
 .debug_macro   0x0000000000000e91       0x22 ./Core/Src/gpio.o
 .debug_macro   0x0000000000000eb3       0x22 ./Core/Src/gpio.o
 .debug_macro   0x0000000000000ed5       0x8e ./Core/Src/gpio.o
 .debug_macro   0x0000000000000f63       0x51 ./Core/Src/gpio.o
 .debug_macro   0x0000000000000fb4      0x103 ./Core/Src/gpio.o
 .debug_macro   0x00000000000010b7       0x6a ./Core/Src/gpio.o
 .debug_macro   0x0000000000001121      0x1df ./Core/Src/gpio.o
 .debug_macro   0x0000000000001300       0x1c ./Core/Src/gpio.o
 .debug_macro   0x000000000000131c       0x22 ./Core/Src/gpio.o
 .debug_macro   0x000000000000133e       0xc3 ./Core/Src/gpio.o
 .debug_macro   0x0000000000001401      0xd23 ./Core/Src/gpio.o
 .debug_macro   0x0000000000002124     0xfd8c ./Core/Src/gpio.o
 .debug_macro   0x0000000000011eb0       0x6d ./Core/Src/gpio.o
 .debug_macro   0x0000000000011f1d     0x3468 ./Core/Src/gpio.o
 .debug_macro   0x0000000000015385      0x174 ./Core/Src/gpio.o
 .debug_macro   0x00000000000154f9       0x5c ./Core/Src/gpio.o
 .debug_macro   0x0000000000015555      0x5be ./Core/Src/gpio.o
 .debug_macro   0x0000000000015b13      0x4d5 ./Core/Src/gpio.o
 .debug_macro   0x0000000000015fe8      0x1cb ./Core/Src/gpio.o
 .debug_macro   0x00000000000161b3      0x114 ./Core/Src/gpio.o
 .debug_macro   0x00000000000162c7      0x1ea ./Core/Src/gpio.o
 .debug_macro   0x00000000000164b1       0x27 ./Core/Src/gpio.o
 .debug_macro   0x00000000000164d8      0x144 ./Core/Src/gpio.o
 .debug_macro   0x000000000001661c      0x1bc ./Core/Src/gpio.o
 .debug_macro   0x00000000000167d8       0x30 ./Core/Src/gpio.o
 .debug_macro   0x0000000000016808       0x3c ./Core/Src/gpio.o
 .debug_macro   0x0000000000016844       0x57 ./Core/Src/gpio.o
 .debug_macro   0x000000000001689b       0x88 ./Core/Src/gpio.o
 .debug_macro   0x0000000000016923      0x24f ./Core/Src/gpio.o
 .debug_macro   0x0000000000016b72      0x141 ./Core/Src/gpio.o
 .debug_macro   0x0000000000016cb3      0x8d1 ./Core/Src/gpio.o
 .debug_macro   0x0000000000017584       0xb5 ./Core/Src/gpio.o
 .debug_macro   0x0000000000017639       0x10 ./Core/Src/gpio.o
 .debug_macro   0x0000000000017649      0x1c0 ./Core/Src/main.o
 .debug_macro   0x0000000000017809      0x1a8 ./Core/Src/stm32f1xx_hal_msp.o
 .debug_macro   0x00000000000179b1      0x1b2 ./Core/Src/stm32f1xx_it.o
 .debug_macro   0x0000000000017b63      0x199 ./Core/Src/system_stm32f1xx.o
 .debug_macro   0x0000000000017cfc      0x1b2 ./Core/Src/tim.o
 .debug_macro   0x0000000000017eae      0x1bd ./Drivers/STM32F1xx_HAL_Driver/Src/stm32f1xx_hal.o
 .debug_macro   0x000000000001806b      0x199 ./Drivers/STM32F1xx_HAL_Driver/Src/stm32f1xx_hal_cortex.o
 .debug_macro   0x0000000000018204      0x204 ./Drivers/STM32F1xx_HAL_Driver/Src/stm32f1xx_hal_gpio.o
 .debug_macro   0x0000000000018408      0x1ab ./Drivers/STM32F1xx_HAL_Driver/Src/stm32f1xx_hal_rcc.o
 .debug_macro   0x00000000000185b3      0x19a ./Drivers/STM32F1xx_HAL_Driver/Src/stm32f1xx_hal_tim.o
 .debug_macro   0x000000000001874d      0x199 ./Drivers/STM32F1xx_HAL_Driver/Src/stm32f1xx_hal_tim_ex.o

.debug_line     0x0000000000000000     0xa21a
 .debug_line    0x0000000000000000      0x67a ./Core/Src/gpio.o
 .debug_line    0x000000000000067a      0x6ee ./Core/Src/main.o
 .debug_line    0x0000000000000d68      0x66f ./Core/Src/stm32f1xx_hal_msp.o
 .debug_line    0x00000000000013d7      0x75f ./Core/Src/stm32f1xx_it.o
 .debug_line    0x0000000000001b36      0x6eb ./Core/Src/system_stm32f1xx.o
 .debug_line    0x0000000000002221      0x6da ./Core/Src/tim.o
 .debug_line    0x00000000000028fb       0x87 ./Core/Startup/startup_stm32f103rctx.o
 .debug_line    0x0000000000002982      0x918 ./Drivers/STM32F1xx_HAL_Driver/Src/stm32f1xx_hal.o
 .debug_line    0x000000000000329a      0xb00 ./Drivers/STM32F1xx_HAL_Driver/Src/stm32f1xx_hal_cortex.o
 .debug_line    0x0000000000003d9a      0x9d7 ./Drivers/STM32F1xx_HAL_Driver/Src/stm32f1xx_hal_gpio.o
 .debug_line    0x0000000000004771      0xd26 ./Drivers/STM32F1xx_HAL_Driver/Src/stm32f1xx_hal_rcc.o
 .debug_line    0x0000000000005497     0x34df ./Drivers/STM32F1xx_HAL_Driver/Src/stm32f1xx_hal_tim.o
 .debug_line    0x0000000000008976     0x18a4 ./Drivers/STM32F1xx_HAL_Driver/Src/stm32f1xx_hal_tim_ex.o

.debug_str      0x0000000000000000    0x921eb
 .debug_str     0x0000000000000000    0x8f855 ./Core/Src/gpio.o
                                      0x8fc51 (size before relaxing)
 .debug_str     0x000000000008f855      0x59e ./Core/Src/main.o
                                      0x901b5 (size before relaxing)
 .debug_str     0x000000000008fdf3       0x5a ./Core/Src/stm32f1xx_hal_msp.o
                                      0x8fc07 (size before relaxing)
 .debug_str     0x000000000008fe4d       0xf0 ./Core/Src/stm32f1xx_it.o
                                      0x9013c (size before relaxing)
 .debug_str     0x000000000008ff3d       0x52 ./Core/Src/system_stm32f1xx.o
                                      0x8fbcd (size before relaxing)
 .debug_str     0x000000000008ff8f      0x3f3 ./Core/Src/tim.o
                                      0x90554 (size before relaxing)
 .debug_str     0x0000000000090382       0x36 ./Core/Startup/startup_stm32f103rctx.o
                                         0x70 (size before relaxing)
 .debug_str     0x00000000000903b8      0x304 ./Drivers/STM32F1xx_HAL_Driver/Src/stm32f1xx_hal.o
                                      0x90342 (size before relaxing)
 .debug_str     0x00000000000906bc      0x300 ./Drivers/STM32F1xx_HAL_Driver/Src/stm32f1xx_hal_cortex.o
                                      0x9034a (size before relaxing)
 .debug_str     0x00000000000909bc      0x324 ./Drivers/STM32F1xx_HAL_Driver/Src/stm32f1xx_hal_gpio.o
                                      0x8ff91 (size before relaxing)
 .debug_str     0x0000000000090ce0      0x24f ./Drivers/STM32F1xx_HAL_Driver/Src/stm32f1xx_hal_rcc.o
                                      0x8ffca (size before relaxing)
 .debug_str     0x0000000000090f2f      0xdce ./Drivers/STM32F1xx_HAL_Driver/Src/stm32f1xx_hal_tim.o
                                      0x90f9c (size before relaxing)
 .debug_str     0x0000000000091cfd      0x4ee ./Drivers/STM32F1xx_HAL_Driver/Src/stm32f1xx_hal_tim_ex.o
                                      0x9074d (size before relaxing)

.comment        0x0000000000000000       0x53
 .comment       0x0000000000000000       0x53 ./Core/Src/gpio.o
                                         0x54 (size before relaxing)
 .comment       0x0000000000000053       0x54 ./Core/Src/main.o
 .comment       0x0000000000000053       0x54 ./Core/Src/stm32f1xx_hal_msp.o
 .comment       0x0000000000000053       0x54 ./Core/Src/stm32f1xx_it.o
 .comment       0x0000000000000053       0x54 ./Core/Src/system_stm32f1xx.o
 .comment       0x0000000000000053       0x54 ./Core/Src/tim.o
 .comment       0x0000000000000053       0x54 ./Drivers/STM32F1xx_HAL_Driver/Src/stm32f1xx_hal.o
 .comment       0x0000000000000053       0x54 ./Drivers/STM32F1xx_HAL_Driver/Src/stm32f1xx_hal_cortex.o
 .comment       0x0000000000000053       0x54 ./Drivers/STM32F1xx_HAL_Driver/Src/stm32f1xx_hal_gpio.o
 .comment       0x0000000000000053       0x54 ./Drivers/STM32F1xx_HAL_Driver/Src/stm32f1xx_hal_rcc.o
 .comment       0x0000000000000053       0x54 ./Drivers/STM32F1xx_HAL_Driver/Src/stm32f1xx_hal_tim.o
 .comment       0x0000000000000053       0x54 ./Drivers/STM32F1xx_HAL_Driver/Src/stm32f1xx_hal_tim_ex.o

.debug_frame    0x0000000000000000     0x25ec
 .debug_frame   0x0000000000000000       0x34 ./Core/Src/gpio.o
 .debug_frame   0x0000000000000034       0x68 ./Core/Src/main.o
 .debug_frame   0x000000000000009c       0x34 ./Core/Src/stm32f1xx_hal_msp.o
 .debug_frame   0x00000000000000d0      0x144 ./Core/Src/stm32f1xx_it.o
 .debug_frame   0x0000000000000214       0x58 ./Core/Src/system_stm32f1xx.o
 .debug_frame   0x000000000000026c       0x7c ./Core/Src/tim.o
 .debug_frame   0x00000000000002e8      0x334 ./Drivers/STM32F1xx_HAL_Driver/Src/stm32f1xx_hal.o
 .debug_frame   0x000000000000061c      0x428 ./Drivers/STM32F1xx_HAL_Driver/Src/stm32f1xx_hal_cortex.o
 .debug_frame   0x0000000000000a44      0x14c ./Drivers/STM32F1xx_HAL_Driver/Src/stm32f1xx_hal_gpio.o
 .debug_frame   0x0000000000000b90      0x21c ./Drivers/STM32F1xx_HAL_Driver/Src/stm32f1xx_hal_rcc.o
 .debug_frame   0x0000000000000dac     0x11bc ./Drivers/STM32F1xx_HAL_Driver/Src/stm32f1xx_hal_tim.o
 .debug_frame   0x0000000000001f68      0x638 ./Drivers/STM32F1xx_HAL_Driver/Src/stm32f1xx_hal_tim_ex.o
 .debug_frame   0x00000000000025a0       0x2c e:/cube/stm32cubeide_1.7.0/stm32cubeide/plugins/com.st.stm32cube.ide.mcu.externaltools.gnu-tools-for-stm32.9-2020-q2-update.win32_2.0.0.202105311346/tools/bin/../lib/gcc/arm-none-eabi/9.3.1/../../../../arm-none-eabi/lib/thumb/v7-m/nofp\libc_nano.a(lib_a-init.o)
 .debug_frame   0x00000000000025cc       0x20 e:/cube/stm32cubeide_1.7.0/stm32cubeide/plugins/com.st.stm32cube.ide.mcu.externaltools.gnu-tools-for-stm32.9-2020-q2-update.win32_2.0.0.202105311346/tools/bin/../lib/gcc/arm-none-eabi/9.3.1/../../../../arm-none-eabi/lib/thumb/v7-m/nofp\libc_nano.a(lib_a-memset.o)
